nohup: ignoring input
==================================================
VM AutoPush ativo — ciclos de 5 minutos
Repositorio: /home/ubuntu/AI-BIBLE
==================================================
[2026-05-19 01:23:41] Push OK — 3 arquivos atualizados
[2026-05-19 01:28:42] Push OK — 5 arquivos atualizados
[2026-05-19 01:33:44] Push OK — 5 arquivos atualizados
[2026-05-19 01:38:46] Push OK — 4 arquivos atualizados
[2026-05-19 01:43:48] Push OK — 4 arquivos atualizados
[2026-05-19 01:48:49] Push OK — 6 arquivos atualizados
[2026-05-19 01:53:51] Push OK — 4 arquivos atualizados
[2026-05-19 01:58:53] Push OK — 3 arquivos atualizados
[2026-05-19 02:03:54] Push OK — 5 arquivos atualizados
[2026-05-19 02:08:56] Push OK — 3 arquivos atualizados
[2026-05-19 02:13:58] Push OK — 3 arquivos atualizados
[2026-05-19 02:19:00] Push OK — 4 arquivos atualizados
[2026-05-19 02:24:01] Push OK — 4 arquivos atualizados
[2026-05-19 02:29:03] Push OK — 3 arquivos atualizados
[2026-05-19 02:34:05] Push OK — 4 arquivos atualizados
[2026-05-19 02:39:06] Push OK — 4 arquivos atualizados
[2026-05-19 02:44:08] Push OK — 4 arquivos atualizados
[2026-05-19 02:49:10] Push OK — 4 arquivos atualizados
[2026-05-19 02:54:12] Push OK — 4 arquivos atualizados
[2026-05-19 02:59:13] Push OK — 3 arquivos atualizados
[2026-05-19 03:04:15] Push OK — 4 arquivos atualizados
[2026-05-19 03:09:17] Push OK — 4 arquivos atualizados
[2026-05-19 03:14:19] Push OK — 4 arquivos atualizados
[2026-05-19 03:19:20] Push OK — 3 arquivos atualizados
[2026-05-19 03:24:22] Push OK — 5 arquivos atualizados
[2026-05-19 03:29:24] Push OK — 3 arquivos atualizados
[2026-05-19 03:34:26] Push OK — 4 arquivos atualizados
[2026-05-19 03:39:27] Push OK — 4 arquivos atualizados
[2026-05-19 03:44:29] Push OK — 3 arquivos atualizados
[2026-05-19 03:49:31] Push OK — 4 arquivos atualizados
[2026-05-19 03:54:32] Push OK — 2 arquivos atualizados
[2026-05-19 03:59:34] Push OK — 4 arquivos atualizados
[2026-05-19 04:04:36] Push OK — 5 arquivos atualizados
[2026-05-19 04:09:38] Push OK — 5 arquivos atualizados
[2026-05-19 04:14:39] Push OK — 6 arquivos atualizados
[2026-05-19 04:19:41] Push OK — 5 arquivos atualizados
[2026-05-19 04:24:43] Push OK — 5 arquivos atualizados
[2026-05-19 04:29:45] Push OK — 2 arquivos atualizados
[2026-05-19 04:34:46] Push OK — 4 arquivos atualizados
[2026-05-19 04:39:48] Push OK — 3 arquivos atualizados
[2026-05-19 04:44:51] Push OK — 3 arquivos atualizados
[2026-05-19 04:49:53] Push OK — 4 arquivos atualizados
[2026-05-19 04:54:55] Push OK — 3 arquivos atualizados
[2026-05-19 04:59:57] Push OK — 1204 arquivos atualizados
[2026-05-19 05:05:01] Push OK — 6 arquivos atualizados
[2026-05-19 05:10:03] Push OK — 7 arquivos atualizados
[2026-05-19 05:15:05] Push OK — 5 arquivos atualizados
[2026-05-19 05:20:07] Push OK — 4 arquivos atualizados
[2026-05-19 05:25:09] Push OK — 5 arquivos atualizados
[2026-05-19 05:30:12] Push OK — 4 arquivos atualizados
[2026-05-19 05:35:14] Push OK — 5 arquivos atualizados
[2026-05-19 05:40:16] Push OK — 5 arquivos atualizados
[2026-05-19 05:45:18] Push OK — 5 arquivos atualizados
[2026-05-19 05:50:20] Push OK — 5 arquivos atualizados
[2026-05-19 05:55:22] Push OK — 4 arquivos atualizados
[2026-05-19 06:00:24] Push OK — 5 arquivos atualizados
[2026-05-19 06:05:27] Push OK — 5 arquivos atualizados
[2026-05-19 06:10:29] Push OK — 5 arquivos atualizados
[2026-05-19 06:15:31] Push OK — 5 arquivos atualizados
[2026-05-19 06:20:33] Push OK — 5 arquivos atualizados
[2026-05-19 06:25:35] Push OK — 6 arquivos atualizados
[2026-05-19 06:30:38] Push OK — 5 arquivos atualizados
[2026-05-19 06:35:40] Push OK — 6 arquivos atualizados
[2026-05-19 06:40:42] Push OK — 5 arquivos atualizados
[2026-05-19 06:45:44] Push OK — 6 arquivos atualizados
[2026-05-19 06:50:46] Push OK — 5 arquivos atualizados
[2026-05-19 06:55:49] Push OK — 4 arquivos atualizados
[2026-05-19 07:00:51] Push OK — 5 arquivos atualizados
[2026-05-19 07:05:53] Push OK — 5 arquivos atualizados
[2026-05-19 07:10:56] Push OK — 6 arquivos atualizados
[2026-05-19 07:15:58] Push OK — 6 arquivos atualizados
[2026-05-19 07:21:00] Push OK — 7 arquivos atualizados
[2026-05-19 07:26:03] Push OK — 7 arquivos atualizados
[2026-05-19 07:31:05] Push OK — 5 arquivos atualizados
[2026-05-19 07:36:07] Push OK — 7 arquivos atualizados
[2026-05-19 07:41:10] Push OK — 5 arquivos atualizados
[2026-05-19 07:46:12] Push OK — 7 arquivos atualizados
[2026-05-19 07:51:14] Push OK — 5 arquivos atualizados
[2026-05-19 07:56:16] Push OK — 5 arquivos atualizados
[2026-05-19 08:01:18] Push OK — 5 arquivos atualizados
[2026-05-19 08:06:21] Push OK — 6 arquivos atualizados
[2026-05-19 08:11:23] Push OK — 4 arquivos atualizados
[2026-05-19 08:16:25] Push OK — 5 arquivos atualizados
[2026-05-19 08:21:28] Push OK — 5 arquivos atualizados
[2026-05-19 08:26:30] Push OK — 6 arquivos atualizados
[2026-05-19 08:31:33] Push OK — 5 arquivos atualizados
[2026-05-19 08:36:36] Push OK — 6 arquivos atualizados
[2026-05-19 08:41:38] Push OK — 5 arquivos atualizados
[2026-05-19 08:46:40] Push OK — 4 arquivos atualizados
[2026-05-19 08:51:42] Push OK — 5 arquivos atualizados
[2026-05-19 08:56:45] Push OK — 5 arquivos atualizados
[2026-05-19 09:01:47] Push OK — 5 arquivos atualizados
[2026-05-19 09:06:49] Push OK — 5 arquivos atualizados
[2026-05-19 09:11:52] Push OK — 5 arquivos atualizados
[2026-05-19 09:16:54] Push OK — 4 arquivos atualizados
[2026-05-19 09:21:57] Push OK — 5 arquivos atualizados
[2026-05-19 09:26:59] Push OK — 7 arquivos atualizados
[2026-05-19 09:32:02] Push OK — 5 arquivos atualizados
[2026-05-19 09:37:04] Push OK — 7 arquivos atualizados
[2026-05-19 09:42:07] Push OK — 5 arquivos atualizados
[2026-05-19 09:47:09] Push OK — 6 arquivos atualizados
[2026-05-19 09:52:11] Push OK — 4 arquivos atualizados
[2026-05-19 09:57:14] Push OK — 5 arquivos atualizados
[2026-05-19 10:02:16] Push OK — 5 arquivos atualizados
[2026-05-19 10:07:18] Push OK — 4 arquivos atualizados
[2026-05-19 10:12:21] Push OK — 5 arquivos atualizados
[2026-05-19 10:17:23] Push OK — 6 arquivos atualizados
[2026-05-19 10:22:26] Push OK — 4 arquivos atualizados
[2026-05-19 10:27:28] Push OK — 6 arquivos atualizados
[2026-05-19 10:32:30] Push OK — 5 arquivos atualizados
[2026-05-19 10:37:33] Push OK — 5 arquivos atualizados
[2026-05-19 10:42:35] Push OK — 5 arquivos atualizados
[2026-05-19 10:47:37] Push OK — 5 arquivos atualizados
[2026-05-19 10:52:40] Push OK — 4 arquivos atualizados
[2026-05-19 10:57:42] Push OK — 6 arquivos atualizados
[2026-05-19 11:02:44] Push OK — 4 arquivos atualizados
[2026-05-19 11:07:47] Push OK — 6 arquivos atualizados
[2026-05-19 11:12:49] Push OK — 5 arquivos atualizados
[2026-05-19 11:17:51] Push OK — 5 arquivos atualizados
[2026-05-19 11:22:54] Push OK — 5 arquivos atualizados
[2026-05-19 11:27:56] Push OK — 6 arquivos atualizados
[2026-05-19 11:32:59] Push OK — 4 arquivos atualizados
[2026-05-19 11:38:01] Push OK — 5 arquivos atualizados
[2026-05-19 11:43:03] Push OK — 6 arquivos atualizados
[2026-05-19 11:48:06] Push OK — 6 arquivos atualizados
[2026-05-19 11:53:08] Push OK — 5 arquivos atualizados
[2026-05-19 11:58:10] Push OK — 6 arquivos atualizados
[2026-05-19 12:03:12] Push OK — 6 arquivos atualizados
[2026-05-19 12:08:15] Push OK — 6 arquivos atualizados
[2026-05-19 12:13:17] Push OK — 5 arquivos atualizados
[2026-05-19 12:18:20] Push OK — 5 arquivos atualizados
[2026-05-19 12:23:22] Push OK — 5 arquivos atualizados
[2026-05-19 12:28:24] Push OK — 5 arquivos atualizados
[2026-05-19 12:33:27] Push OK — 4 arquivos atualizados
[2026-05-19 12:38:29] Push OK — 5 arquivos atualizados
[2026-05-19 12:43:32] Push OK — 5 arquivos atualizados
[2026-05-19 12:48:34] Push OK — 4 arquivos atualizados
[2026-05-19 12:53:36] Push OK — 6 arquivos atualizados
[2026-05-19 12:58:39] Push OK — 5 arquivos atualizados
[2026-05-19 13:03:41] Push OK — 4 arquivos atualizados
