============================================================
DOWNLOAD COMPLETO DE TODOS OS RECURSOS FALTANTES
============================================================

============================================================
SBLGNT - TEXTO CRITICO GREGO (Society of Biblical Literature)
============================================================
  Bolls falhou. Tentando GitHub openscriptures/sblgnt...
  SBLGNT nao disponivel via API gratuita sem autenticacao.
  Usando TR (Textus Receptus) como proxy para Texto Critico.
  SBLGNT: 0 capitulos salvos em data/SBLGNT/

============================================================
BYZ - TEXTO BIZANTINO (Majority Text)
============================================================
  BYZ nao disponivel via Bolls. Tentando getbible.net...
  Baixando BYZ do repositorio chadwhitacre/byzantine-text no GitHub...
  Baixando Byzantine Majority Text (raw)...
    HTTP 404
  BYZ: 0 capitulos salvos em data/BYZ/

============================================================
TALMUD BAVLI - Tratados Completos (Sefaria)
============================================================
  Ja existentes: {'Berakhot', 'Shabbat', 'Sanhedrin'}
  OK: Eruvin (23 KB)
  OK: Pesachim (21 KB)
  OK: Yoma (24 KB)
  OK: Sukkah (24 KB)
  OK: Beitzah (22 KB)
  OK: Rosh_Hashanah (17 KB)
  OK: Taanit (25 KB)
  OK: Megillah (35 KB)
  OK: Moed_Katan (25 KB)
  OK: Chagigah (19 KB)
  OK: Yevamot (16 KB)
  OK: Ketubot (21 KB)
  OK: Nedarim (14 KB)
  OK: Nazir (22 KB)
  OK: Sotah (26 KB)
  OK: Gittin (17 KB)
  OK: Kiddushin (17 KB)
  OK: Bava_Kamma (20 KB)
  OK: Bava_Metzia (24 KB)
  OK: Bava_Batra (18 KB)
  OK: Makkot (20 KB)
  OK: Shevuot (19 KB)
  OK: Avodah_Zarah (21 KB)
  OK: Horayot (34 KB)
  OK: Zevachim (20 KB)
  OK: Menachot (17 KB)
  OK: Chullin (16 KB)
  OK: Bekhorot (21 KB)
  OK: Arakhin (25 KB)
  OK: Temurah (21 KB)
  OK: Keritot (17 KB)
  OK: Meilah (25 KB)
  ERRO Sefaria: sem texto
  OK: Niddah (16 KB)

  Talmud: 33/34 tratados. Falhas: ['Tamid']

============================================================
MATERIAIS DE ESTUDO - Lexicos, Gramaticas, Concordancias
============================================================
  Baixando Strong's Hebrew Lexicon (JSON)...
    HTTP 404
  Baixando Strong's Greek Lexicon (JSON)...
    HTTP 404
  Baixando Brown-Driver-Briggs BDB (XML)...
    OK: Brown-Driver-Briggs BDB (XML) (2843 KB)
  Baixando Hebrew Strong Enhanced (XML)...
    OK: Hebrew Strong Enhanced (XML) (2684 KB)
  Baixando Abbott-Smith Greek Lexicon (CSV)...
    HTTP 404
  Baixando Sedra Syriac Roots...
    HTTP 404
  Baixando Sedra Syriac Lexemes...
    HTTP 404
  Baixando Sedra Syriac Words...
    HTTP 404
  Baixando Gesenius' Hebrew Grammar...
    HTTP 404
  Baixando A.T. Robertson Greek Grammar...
    OK: A.T. Robertson Greek Grammar (70 KB)
  Baixando Noldeke Syriac Grammar...
    HTTP 404
  Baixando Jastrow Dictionary (Aramaico Talmudico)...
    OK: Jastrow Dictionary (Aramaico Talmudico) (253 KB)
  Baixando Jastrow via Sefaria (JSON)...
    HTTP 404
  INDEX.json criado.

============================================================
CONCLUIDO! Verifique os logs acima para erros.
============================================================
