============================================================
BAIXANDO SBLGNT, BYZ E MATERIAIS DE ESTUDO
============================================================

============================================================
SBLGNT - TEXTO CRITICO GREGO
============================================================
  bible-api.com nao tem SBLGNT.
  Baixando SBLGNT raw (LogosBible/SBLGNT GitHub)...
  Tentando morphgnt (mesmo texto base do SBLGNT com morfologia)...
  SBLGNT/morphgnt: 260 capitulos salvos em data/SBLGNT/

============================================================
BYZ - TEXTO BIZANTINO (Majority Text)
============================================================
  OK: Matthew raw (173 KB)
  OK: Mark raw (125 KB)
  OK: Luke raw (197 KB)
  OK: John raw (145 KB)
  OK: Acts raw (187 KB)
  OK: Romans raw (62 KB)
  OK: 1Corinthians raw (64 KB)
  OK: 2Corinthians raw (40 KB)
  OK: Galatians raw (20 KB)
  OK: Ephesians raw (22 KB)
  OK: Philippians raw (14 KB)
  OK: Colossians raw (14 KB)
  OK: 1Thessalonians raw (13 KB)
  OK: 2Thessalonians raw (7 KB)
  OK: 1Timothy raw (15 KB)
  OK: 2Timothy raw (11 KB)
  OK: Titus raw (6 KB)
  OK: Philemon raw (3 KB)
  OK: Hebrews raw (45 KB)
  OK: James raw (16 KB)
  OK: 1Peter raw (16 KB)
  OK: 2Peter raw (10 KB)
  OK: 1John raw (17 KB)
  OK: 2John raw (2 KB)
  OK: 3John raw (2 KB)
  OK: Jude raw (4 KB)
  OK: Revelation raw (98 KB)
  BYZ: 0 capitulos salvos em data/BYZ/

============================================================
MATERIAIS DE ESTUDO - Fontes Corrigidas
============================================================
  Baixando Strong's Hebrew...
    OK: Strong's Hebrew (1956 KB)
  Baixando Strong's Greek...
    OK: Strong's Greek (1172 KB)
  [JA EXISTE] BDB Hebraico (2843 KB)
  [JA EXISTE] Hebrew Strong Enhanced (2684 KB)
  Baixando Abbott-Smith Greek...
    HTTP 404: https://raw.githubusercontent.com/morphgnt/abbott-smith/master/abbott-smith.tei.xml
  [JA EXISTE] Gesenius Hebrew Grammar (83 KB)
  [JA EXISTE] Noldeke Syriac Grammar (576 KB)
  [JA EXISTE] Robertson Greek Grammar (70 KB)
  INDEX.json atualizado.

CONCLUIDO!
